// Jest Snapshot v1, https://goo.gl/fbAQLP

exports[`renderToText should rendered string match to snapshots. 1`] = `"<div id=\\"root\\"><h1 >Hello world</h1><h2 style=\\"display=flex;justifyContent=center;\\">Style</h2><h3 class=\\"test-foo\\">className</h3><h4 >someString</h4><div ref=\\"\\"><span>ref innerHTML</span></div><div >child component props.name<div >Hello <div >world</div></div></div></div>"`;
